FSM: 
7 2

(0,0,0) m
(1,dead,dead) m
(2,2,1) m
(2,dead,dead) m
(0,0,dead) m
(0,dead,dead) m
(2,2,dead) m

a c o
b c u

b (2,2,1) a (1,dead,dead)
b (1,dead,dead) a (2,dead,dead)
b (0,0,dead) a (1,dead,dead)
b (0,dead,dead) a (1,dead,dead)
b (2,2,dead) a (1,dead,dead)
b (2,dead,dead) a (1,dead,dead)
b (0,0,dead) a (1,dead,dead)
REQ_FSM: 
2 2

(0,0,0) m
(2,2,1) m

a c o
b c u

b (2,2,1)

*******************************************************************
*********************All Inclusive Controller**********************
*******************************************************************
Y-States:
	Information State: {(0,0,0)}
	Transitions to:
		Z-State with Information State {{(0,0,0),(2,2,1),(0,0,dead),(2,2,dead)},{b}} via Control Decision {b}
		Z-State with Information State {{(0,0,0)},{}} via Control Decision {}
Z-States:
	Information State: {{(0,0,0)},{}}
	Information State: {{(0,0,0),(2,2,1),(0,0,dead),(2,2,dead)},{b}}
*******************************************************************
*********************End All Inclusive Controller******************
*******************************************************************
DBTS for T_R:
******************************************************************************
********************Determined Bipartite Transition System********************
******************************************************************************
Y-States:
	Y_DBTS State: {(0,0,0)}
	Transitions to:
		Z_DBTS State {{(0,0,0),(2,2,1),(0,0,dead),(2,2,dead)},{b}}
Z-States:
	Z_DBTS State: {{(0,0,0),(2,2,1),(0,0,dead),(2,2,dead)},{b}}
******************************************************************************
********************Determined Bipartite Transition System********************
******************************************************************************
*******************************************************************
********************Control Simulation Relation********************
*******************************************************************
Y state pairs:
({(0,0,0)},{(0,0,0)})
Z state pairs:
({{(0,0,0),(2,2,1),(0,0,dead),(2,2,dead)},{b}},{{(0,0,0),(2,2,1),(0,0,dead),(2,2,dead)},{b}})
({{(0,0,0),(2,2,1),(0,0,dead),(2,2,dead)},{b}},{{(0,0,0)},{}})
*******************************************************************
********************Control Simulation Relation********************
*******************************************************************
RESULT SUPERVISOR:
******************************************************************************
********************Determined Bipartite Transition System********************
******************************************************************************
Y-States:
	Y_DBTS State: {(0,0,0)}
	Transitions to:
		Z_DBTS State {{(0,0,0),(2,2,1),(0,0,dead),(2,2,dead)},{b}}
Z-States:
	Z_DBTS State: {{(0,0,0),(2,2,1),(0,0,dead),(2,2,dead)},{b}}
******************************************************************************
********************Determined Bipartite Transition System********************
******************************************************************************
RESULT FSM:
4 2

(0,0,0) m
(2,2,1) m
(0,0,dead) m
(2,2,dead) m

a c o
b c u

b (2,2,1)
b (0,0,dead)
b (2,2,dead)
b (0,0,dead)
Press any key to continue...
