FSM: 
10 3

(0,0,0) m
(1,1,dead) m
(3,3,dead) m
(2,2,dead) m
(0,0,dead) m
(4,dead,dead) m
(2,dead,dead) m
(0,dead,dead) m
(1,dead,dead) m
(3,dead,dead) m

a c u
b c o
c u u

a (1,1,dead)
c (2,2,dead) b (3,3,dead)
b (4,dead,dead) c (0,0,dead)
a (4,dead,dead) b (0,0,dead)
a (1,1,dead)
c (2,dead,dead)
a (4,dead,dead) b (0,dead,dead)
a (1,dead,dead)
c (2,dead,dead) b (3,dead,dead)
b (4,dead,dead) c (0,dead,dead)
REQ_FSM: 
1 3

(0,0,0) m

a c u
b c o
c u u


*******************************************************************
*********************All Inclusive Controller**********************
*******************************************************************
Y-States:
	Information State: {(0,0,0)}
	Transitions to:
		Z-State with Information State {{(0,0,0)},{}} via Control Decision {}
Z-States:
	Information State: {{(0,0,0)},{}}
*******************************************************************
*********************End All Inclusive Controller******************
*******************************************************************
DBTS for T_R:
******************************************************************************
********************Determined Bipartite Transition System********************
******************************************************************************
Y-States:
	Y_DBTS State: {(0,0,0)}
	Transitions to:
		Z_DBTS State {{(0,0,0)},{}}
Z-States:
	Z_DBTS State: {{(0,0,0)},{}}
******************************************************************************
********************Determined Bipartite Transition System********************
******************************************************************************
*******************************************************************
********************Control Simulation Relation********************
*******************************************************************
Y state pairs:
({(0,0,0)},{(0,0,0)})
Z state pairs:
({{(0,0,0)},{}},{{(0,0,0)},{}})
*******************************************************************
********************Control Simulation Relation********************
*******************************************************************
RESULT SUPERVISOR:
******************************************************************************
********************Determined Bipartite Transition System********************
******************************************************************************
Y-States:
	Y_DBTS State: {(0,0,0)}
	Transitions to:
		Z_DBTS State {{(0,0,0)},{}}
Z-States:
	Z_DBTS State: {{(0,0,0)},{}}
******************************************************************************
********************Determined Bipartite Transition System********************
******************************************************************************
RESULT FSM:
1 3

(0,0,0) m

a c u
b c o
c u u


Press any key to continue...
