FSM: 
10 3

(0,0,1) m
(1,1,2) m
(2,2,dead) m
(3,dead,dead) m
(2,2,1) m
(0,0,dead) m
(0,dead,dead) m
(1,1,dead) m
(1,dead,dead) m
(2,dead,dead) m

a u u
b c u
c c o

c (3,dead,dead) b (2,2,dead) a (1,1,2)
c (0,0,dead) b (2,2,1)
c (3,dead,dead)
a (0,dead,dead)
c (3,dead,dead)
c (3,dead,dead) b (2,2,dead) a (1,1,dead)
c (3,dead,dead) b (2,dead,dead) a (1,dead,dead)
c (0,0,dead) b (2,2,dead)
c (0,dead,dead) b (2,dead,dead)
c (3,dead,dead)
REQ_FSM: 
3 3

(0,0,1) m
(1,1,2) m
(2,2,1) u

a u u
b c u
c c o

a (1,1,2)
b (2,2,1)

*******************************************************************
*********************All Inclusive Controller**********************
*******************************************************************
Y-States:
	Information State: {(0,0,1)}
	Transitions to:
		Z-State with Information State {{(0,0,1),(1,1,2),(2,2,dead),(2,2,1)},{b}} via Control Decision {b}
		Z-State with Information State {{(0,0,1),(1,1,2)},{}} via Control Decision {}
Z-States:
	Information State: {{(0,0,1),(1,1,2)},{}}
	Information State: {{(0,0,1),(1,1,2),(2,2,dead),(2,2,1)},{b}}
*******************************************************************
*********************End All Inclusive Controller******************
*******************************************************************
DBTS for T_R:
******************************************************************************
********************Determined Bipartite Transition System********************
******************************************************************************
Y-States:
	Y_DBTS State: {(0,0,1)}
	Transitions to:
		Z_DBTS State {{(0,0,1),(1,1,2),(2,2,dead),(2,2,1)},{b}}
Z-States:
	Z_DBTS State: {{(0,0,1),(1,1,2),(2,2,dead),(2,2,1)},{b}}
******************************************************************************
********************Determined Bipartite Transition System********************
******************************************************************************
*******************************************************************
********************Control Simulation Relation********************
*******************************************************************
Y state pairs:
({(0,0,1)},{(0,0,1)})
Z state pairs:
({{(0,0,1),(1,1,2),(2,2,dead),(2,2,1)},{b}},{{(0,0,1),(1,1,2),(2,2,dead),(2,2,1)},{b}})
({{(0,0,1),(1,1,2),(2,2,dead),(2,2,1)},{b}},{{(0,0,1),(1,1,2)},{}})
*******************************************************************
********************Control Simulation Relation********************
*******************************************************************
RESULT SUPERVISOR:
******************************************************************************
********************Determined Bipartite Transition System********************
******************************************************************************
Y-States:
	Y_DBTS State: {(0,0,1)}
	Transitions to:
		Z_DBTS State {{(0,0,1),(1,1,2),(2,2,dead),(2,2,1)},{b}}
Z-States:
	Z_DBTS State: {{(0,0,1),(1,1,2),(2,2,dead),(2,2,1)},{b}}
******************************************************************************
********************Determined Bipartite Transition System********************
******************************************************************************
RESULT FSM:
4 3

(0,0,1) m
(1,1,2) m
(2,2,dead) m
(2,2,1) m

a u u
b c u
c c o

b (2,2,dead) a (1,1,2)
b (2,2,1)


Press any key to continue...
